---
source: crates/tests/rust_snapshots/tests/xlsx.rs
expression: normalize_markdown(&md)
---
<!-- officemd: kind=xlsx profile=compact first_row_as_header=true formulas=true headers_footers=true properties=false -->

## Sheet: Wide

### Table 1 (rows 1–2, cols A–Z)
| Name | Value |  |  |  |  |  |  |  |  |  |  |  |  |  |  |  |  |  |  |  |  |  |  |  | Note |
| --- | --- | --- | --- | --- | --- | --- | --- | --- | --- | --- | --- | --- | --- | --- | --- | --- | --- | --- | --- | --- | --- | --- | --- | --- | --- |
| Item | 100 |  |  |  |  |  |  |  |  |  |  |  |  |  |  |  |  |  |  |  |  |  |  |  |  |
